// Jest Snapshot v1, https://goo.gl/fbAQLP

exports[`BaseText is a Vue instance 1`] = `
<p
  class="css-15maqve"
/>
`;
